###############################################################################
#
# IAR ELF Linker V3.11.1.207 for STM8                     06/Jun/2022  14:27:19
# Copyright 2010-2019 IAR Systems AB.
#
#    Output file  =  D:\MK\Debug\Exe\stm8l_5043.out
#    Map file     =  D:\MK\Debug\List\stm8l_5043.map
#    Command line =  
#        -f C:\Users\LBJ\AppData\Local\Temp\EW9C19.tmp (D:\MK\Debug\Obj\24c08.o
#        D:\MK\Debug\Obj\App_Uart.o D:\MK\Debug\Obj\AppLyr.o
#        D:\MK\Debug\Obj\battery.o D:\MK\Debug\Obj\clock.o
#        D:\MK\Debug\Obj\command.o D:\MK\Debug\Obj\Configure.o
#        D:\MK\Debug\Obj\DlkLyr.o D:\MK\Debug\Obj\effectshow.o
#        D:\MK\Debug\Obj\general.o D:\MK\Debug\Obj\led.o D:\MK\Debug\Obj\list.o
#        D:\MK\Debug\Obj\Lopsc.o D:\MK\Debug\Obj\main.o
#        D:\MK\Debug\Obj\MyUart.o D:\MK\Debug\Obj\Radio.o
#        D:\MK\Debug\Obj\Radio_Config.o D:\MK\Debug\Obj\Spi.o
#        D:\MK\Debug\Obj\stm8l15x_adc.o D:\MK\Debug\Obj\stm8l15x_aes.o
#        D:\MK\Debug\Obj\stm8l15x_beep.o D:\MK\Debug\Obj\stm8l15x_clk.o
#        D:\MK\Debug\Obj\stm8l15x_comp.o D:\MK\Debug\Obj\stm8l15x_dac.o
#        D:\MK\Debug\Obj\stm8l15x_dma.o D:\MK\Debug\Obj\stm8l15x_exti.o
#        D:\MK\Debug\Obj\stm8l15x_flash.o D:\MK\Debug\Obj\stm8l15x_gpio.o
#        D:\MK\Debug\Obj\stm8l15x_i2c.o D:\MK\Debug\Obj\stm8l15x_irtim.o
#        D:\MK\Debug\Obj\stm8l15x_it.o D:\MK\Debug\Obj\stm8l15x_itc.o
#        D:\MK\Debug\Obj\stm8l15x_iwdg.o D:\MK\Debug\Obj\stm8l15x_lcd.o
#        D:\MK\Debug\Obj\stm8l15x_pwr.o D:\MK\Debug\Obj\stm8l15x_rst.o
#        D:\MK\Debug\Obj\stm8l15x_rtc.o D:\MK\Debug\Obj\stm8l15x_spi.o
#        D:\MK\Debug\Obj\stm8l15x_syscfg.o D:\MK\Debug\Obj\stm8l15x_tim1.o
#        D:\MK\Debug\Obj\stm8l15x_tim2.o D:\MK\Debug\Obj\stm8l15x_tim3.o
#        D:\MK\Debug\Obj\stm8l15x_tim4.o D:\MK\Debug\Obj\stm8l15x_tim5.o
#        D:\MK\Debug\Obj\stm8l15x_usart.o D:\MK\Debug\Obj\stm8l15x_wfe.o
#        D:\MK\Debug\Obj\stm8l15x_wwdg.o D:\MK\Debug\Obj\sysdata.o
#        D:\MK\Debug\Obj\test.o D:\MK\Debug\Obj\Uart.o D:\MK\Debug\Obj\wwdg.o
#        --redirect _Printf=_PrintfFullNoMb --redirect _Scanf=_ScanfFullNoMb
#        --no_out_extension -o D:\MK\Debug\Exe\stm8l_5043.out --map
#        D:\MK\Debug\List\stm8l_5043.map --config "C:\Program Files (x86)\IAR
#        Systems\Embedded Workbench 8.3_2\stm8\config\lnkstm8l052c6.icf"
#        --config_def _CSTACK_SIZE=0x100 --config_def _HEAP_SIZE=0x100 --entry
#        __iar_program_start --debug_lib)
#
###############################################################################

*******************************************************************************
*** RUNTIME MODEL ATTRIBUTES
***

__Heap_Handler             = Basic
__SystemLibrary            = DLib
__code_model               = small
__core                     = stm8
__data_model               = medium
__dlib_file_descriptor     = 1
__dlib_full_locale_support = 1
__rt_version               = 4


*******************************************************************************
*** PLACEMENT SUMMARY
***

"A0":  place at start of [0x000000-0x0000ff] { rw section .vregs };
"A1":  place at end of [0x000000-0x0007ff] { block CSTACK };
"P2":  place in [from 0x000000 to 0x0007ff] {
          block HEAP, rw section __DLIB_PERTHREAD, rw section .far.bss,
          rw section .far.data, rw section .far.noinit,
          rw section .far_func.textrw, rw section .huge.bss,
          rw section .huge.data, rw section .huge.noinit,
          rw section .huge_func.textrw, rw section .iar.dynexit,
          rw section .near.bss, rw section .near.data, rw section .near.noinit,
          rw section .near_func.textrw };
"A2":  place at start of [0x008000-0x00ffff] { block INTVEC };
"P3":  place in [from 0x008000 to 0x00ffff] {
          ro section __DLIB_PERTHREAD_init, ro section .far.data_init,
          ro section .far_func.textrw_init, ro section .huge.data_init,
          ro section .huge_func.textrw_init, ro section .iar.init_table,
          ro section .init_array, ro section .near.data_init,
          ro section .near.rodata, ro section .near_func.text,
          ro section .near_func.textrw_init, ro section .tiny.data_init,
          ro section .tiny.rodata_init };
"P4":  place in [from 0x008000 to 0x00ffff] {
          ro section .far.rodata, ro section .far_func.text };
"P5":  place in [from 0x008000 to 0x00ffff] {
          ro section .huge.rodata, ro section .huge_func.text };
do not initialize {
   rw section .eeprom.noinit, rw section .far.noinit, rw section .huge.noinit,
   rw section .near.noinit, rw section .tiny.noinit, rw section .vregs };
initialize by copy {
   rw section .far.bss, rw section .far.data, rw section .far_func.textrw,
   rw section .huge.bss, rw section .huge.data, rw section .huge_func.textrw,
   rw section .iar.dynexit, rw section .near.bss, rw section .near.data,
   rw section .near_func.textrw, rw section .tiny.bss, rw section .tiny.data,
   ro section .tiny.rodata };

No sections matched the following patterns:

  ro section .far.data_init          in "P3-P5"
  ro section .far.rodata             in "P3-P5"
  ro section .far_func.text          in "P3-P5"
  ro section .far_func.textrw_init   in "P3-P5"
  ro section .huge.data_init         in "P3-P5"
  ro section .huge.rodata            in "P3-P5"
  ro section .huge_func.text         in "P3-P5"
  ro section .huge_func.textrw_init  in "P3-P5"
  ro section .iar.init_table         in "P3-P5"
  ro section .init_array             in "P3-P5"
  ro section .near_func.textrw_init  in "P3-P5"
  ro section .tiny.data_init         in "P3-P5"
  ro section .tiny.rodata_init       in "P3-P5"
  ro section __DLIB_PERTHREAD_init   in "P3-P5"
  rw section .far.bss                in "P2"
  rw section .far.data               in "P2"
  rw section .far.noinit             in "P2"
  rw section .far_func.textrw        in "P2"
  rw section .huge.bss               in "P2"
  rw section .huge.data              in "P2"
  rw section .huge.noinit            in "P2"
  rw section .huge_func.textrw       in "P2"
  rw section .iar.dynexit            in "P2"
  rw section .near.noinit            in "P2"
  rw section .near_func.textrw       in "P2"
  rw section .tiny.bss               in "P1"
  rw section .tiny.data              in "P1"
  rw section .tiny.noinit            in "P1"
  rw section .tiny.rodata            in "P1"
  rw section __DLIB_PERTHREAD        in "P2"
  section .eeprom.data               in "P6-P8"
  section .eeprom.noinit             in "P6-P8"
  section .eeprom.rodata             in "P6-P8"


  Section            Kind      Address    Size  Object
  -------            ----      -------    ----  ------
"A0":                                     0x10
  .vregs             uninit   0x000000    0x10  vregs.o [4]
                            - 0x000010    0x10

"P2", part 1 of 2:                        0x42
  P2-1                        0x000010    0x42  <Init block>
    .near.data       inited   0x000010     0x2  AppLyr.o [1]
    .near.data       inited   0x000012     0x2  AppLyr.o [1]
    .near.data       inited   0x000014     0xc  command.o [1]
    .near.data       inited   0x000020     0x4  general.o [1]
    .near.data       inited   0x000024    0x2e  localeconv.o [4]
                            - 0x000052    0x42

"P2", part 2 of 2:                       0x3c5
  .near.bss          zero     0x000052    0xd4  AppLyr.o [1]
  .near.bss          zero     0x000126    0xce  Uart.o [1]
  .near.bss          zero     0x0001f4    0x6a  command.o [1]
  .near.bss          zero     0x00025e    0x65  Radio.o [1]
  .near.bss          zero     0x0002c3    0x65  Radio.o [1]
  .near.bss          zero     0x000328    0x58  sysdata.o [1]
  .near.bss          zero     0x000380    0x46  MyUart.o [1]
  .near.bss          zero     0x0003c6     0xe  setlocale.o [4]
  .near.bss          zero     0x0003d4     0x8  Configure.o [1]
  .near.bss          zero     0x0003dc     0x2  AppLyr.o [1]
  .near.bss          zero     0x0003de     0x2  AppLyr.o [1]
  .near.bss          zero     0x0003e0     0x2  clock.o [1]
  .near.bss          zero     0x0003e2     0x2  clock.o [1]
  .near.bss          zero     0x0003e4     0x2  DlkLyr.o [1]
  .near.bss          zero     0x0003e6     0x2  DlkLyr.o [1]
  .near.bss          zero     0x0003e8     0x2  effectshow.o [1]
  .near.bss          zero     0x0003ea     0x2  general.o [1]
  .near.bss          zero     0x0003ec     0x2  general.o [1]
  .near.bss          zero     0x0003ee     0x2  general.o [1]
  .near.bss          zero     0x0003f0     0x2  main.o [1]
  .near.bss          zero     0x0003f2     0x2  main.o [1]
  .near.bss          zero     0x0003f4     0x2  test.o [1]
  .near.bss          zero     0x0003f6     0x2  test.o [1]
  .near.bss          zero     0x0003f8     0x2  test.o [1]
  .near.bss          zero     0x0003fa     0x2  test.o [1]
  .near.bss          zero     0x0003fc     0x2  localeconv.o [4]
  .near.bss          zero     0x0003fe     0x2  errno.o [4]
  .near.bss          zero     0x000400     0x2  setlocale.o [4]
  .near.bss          zero     0x000402     0x1  App_Uart.o [1]
  .near.bss          zero     0x000403     0x1  App_Uart.o [1]
  .near.bss          zero     0x000404     0x1  App_Uart.o [1]
  .near.bss          zero     0x000405     0x1  App_Uart.o [1]
  .near.bss          zero     0x000406     0x1  AppLyr.o [1]
  .near.bss          zero     0x000407     0x1  command.o [1]
  .near.bss          zero     0x000408     0x1  Configure.o [1]
  .near.bss          zero     0x000409     0x1  DlkLyr.o [1]
  .near.bss          zero     0x00040a     0x1  DlkLyr.o [1]
  .near.bss          zero     0x00040b     0x1  DlkLyr.o [1]
  .near.bss          zero     0x00040c     0x1  general.o [1]
  .near.bss          zero     0x00040d     0x1  main.o [1]
  .near.bss          zero     0x00040e     0x1  Radio.o [1]
  .near.bss          zero     0x00040f     0x1  Radio.o [1]
  .near.bss          zero     0x000410     0x1  Radio.o [1]
  .near.bss          zero     0x000411     0x1  Radio.o [1]
  .near.bss          zero     0x000412     0x1  Radio.o [1]
  .near.bss          zero     0x000413     0x1  Radio.o [1]
  .near.bss          zero     0x000414     0x1  Radio.o [1]
  .near.bss          zero     0x000415     0x1  test.o [1]
  .near.bss          zero     0x000416     0x1  Uart.o [1]
                            - 0x000417   0x3c5

"A1":                                    0x100
  CSTACK                      0x000700   0x100  <Block>
    CSTACK           uninit   0x000700   0x100  <Block tail>
                            - 0x000800   0x100

Absolute sections, part 1 of 4:            0x1
  .near.noinit       uninit   0x005000     0x1  effectshow.o [1]
                            - 0x005001     0x1

Absolute sections, part 2 of 4:            0x2
  .near.noinit       uninit   0x005005     0x1  Radio.o [1]
  .near.noinit       uninit   0x005006     0x1  test.o [1]
                            - 0x005007     0x2

Absolute sections, part 3 of 4:            0x2
  .near.noinit       uninit   0x00500f     0x1  test.o [1]
  .near.noinit       uninit   0x005010     0x1  general.o [1]
                            - 0x005011     0x2

Absolute sections, part 4 of 4:            0x1
  .near.noinit       uninit   0x005014     0x1  test.o [1]
                            - 0x005015     0x1

"A2":                                     0x80
  INTVEC                      0x008000    0x80  <Block>
    .intvec          const    0x008000    0x80  interrupt.o [4]
                            - 0x008080    0x80

"P3-P5":                                0x736e
  .near_func.text    ro code  0x008080   0xb71  Radio_Config.o [1]
  .near_func.text    ro code  0x008bf1   0xa5d  Radio.o [1]
  .near_func.text    ro code  0x00964e   0x74b  command.o [1]
  .near_func.text    ro code  0x009d99   0x47f  float.o [4]
  .near_func.text    ro code  0x00a218   0x456  xprintffull_nomb.o [4]
  .near_func.text    ro code  0x00a66e   0x412  xprintffull_nomb.o [4]
  .near_func.text    ro code  0x00aa80   0x37c  xprintffull_nomb.o [4]
  .near_func.text    ro code  0x00adfc   0x345  xscanffull_nomb.o [4]
  .near_func.text    ro code  0x00b141   0x288  long.o [4]
  .near_func.text    ro code  0x00b3c9   0x271  xstoflt.o [4]
  .near_func.text    ro code  0x00b63a   0x261  xstoxflt.o [4]
  .near.rodata       const    0x00b89b   0x1fc  Radio.o [1]
  .near_func.text    ro code  0x00ba97   0x1f0  xscanffull_nomb.o [4]
  .near_func.text    ro code  0x00bc87   0x1bc  xstoul.o [4]
  .near_func.text    ro code  0x00be43   0x1b3  effectshow.o [1]
  .near_func.text    ro code  0x00bff6   0x193  xscanffull_nomb.o [4]
  .near_func.text    ro code  0x00c189   0x176  xprintffull_nomb.o [4]
  .near_func.text    ro code  0x00c2ff   0x168  vreg_util.o [4]
  .near_func.text    ro code  0x00c467   0x168  xscanffull_nomb.o [4]
  .near_func.text    ro code  0x00c5cf   0x163  xdtento.o [4]
  .near_func.text    ro code  0x00c732   0x162  Radio_Config.o [1]
  .near_func.text    ro code  0x00c894   0x162  xstold.o [4]
  .near_func.text    ro code  0x00c9f6   0x161  float_libsup.o [4]
  .near_func.text    ro code  0x00cb57   0x150  effectshow.o [1]
  .near_func.text    ro code  0x00cca7   0x138  xstopfx.o [4]
  .near_func.text    ro code  0x00cddf   0x129  Configure.o [1]
  .near_func.text    ro code  0x00cf08   0x10d  stm8l15x_exti.o [1]
  .near_func.text    ro code  0x00d015    0xf9  effectshow.o [1]
  .near_func.text    ro code  0x00d10e    0xf6  main.o [1]
  .near_func.text    ro code  0x00d204    0xec  Radio.o [1]
  .near_func.text    ro code  0x00d2f0    0xdb  test.o [1]
  .near_func.text    ro code  0x00d3cb    0xcc  Radio_Config.o [1]
  .near_func.text    ro code  0x00d497    0xc5  led.o [1]
  .near_func.text    ro code  0x00d55c    0xc5  xstol.o [4]
  .near_func.text    ro code  0x00d621    0xbc  xscanffull_nomb.o [4]
  .near_func.text    ro code  0x00d6dd    0x9f  main.o [1]
  .near_func.text    ro code  0x00d77c    0x98  stm8l15x_clk.o [1]
  .near_func.text    ro code  0x00d814    0x94  stm8l15x_usart.o [1]
  .near_func.text    ro code  0x00d8a8    0x90  long_util.o [4]
  .near_func.text    ro code  0x00d938    0x8e  stm8l15x_gpio.o [1]
  .near_func.text    ro code  0x00d9c6    0x89  stm8l15x_clk.o [1]
  .near_func.text    ro code  0x00da4f    0x84  main.o [1]
  .near_func.text    ro code  0x00dad3    0x83  DlkLyr.o [1]
  .near_func.text    ro code  0x00db56    0x82  battery.o [1]
  .near_func.text    ro code  0x00dbd8    0x6d  battery.o [1]
  .near_func.text    ro code  0x00dc45    0x6d  list.o [1]
  .near_func.text    ro code  0x00dcb2    0x6c  short.o [4]
  .near_func.text    ro code  0x00dd1e    0x65  AppLyr.o [1]
  .near_func.text    ro code  0x00dd83    0x5b  Uart.o [1]
  .near_func.text    ro code  0x00ddde    0x5b  xscanffull_nomb.o [4]
  .near_func.text    ro code  0x00de39    0x58  Uart.o [1]
  .near_func.text    ro code  0x00de91    0x52  general.o [1]
  .near_func.text    ro code  0x00dee3    0x50  AppLyr.o [1]
  .near_func.text    ro code  0x00df33    0x4f  Configure.o [1]
  .near_func.text    ro code  0x00df82    0x4d  AppLyr.o [1]
  .near_func.text    ro code  0x00dfcf    0x48  xscanffull_nomb.o [4]
  .near_func.text    ro code  0x00e017    0x47  Spi.o [1]
  .near_func.text    ro code  0x00e05e    0x46  stm8l15x_it.o [1]
  .near_func.text    ro code  0x00e0a4    0x45  MyUart.o [1]
  .near_func.text    ro code  0x00e0e9    0x44  battery.o [1]
  .near_func.text    ro code  0x00e12d    0x43  general.o [1]
  .near_func.text    ro code  0x00e170    0x43  xprintffull_nomb.o [4]
  Initializer bytes  const    0x00e1b3    0x42  <for P2-1>
  .near_func.text    ro code  0x00e1f5    0x41  xprintffull_nomb.o [4]
  .near_func.text    ro code  0x00e236    0x40  DlkLyr.o [1]
  .near_func.text    ro code  0x00e276    0x40  test.o [1]
  .near_func.text    ro code  0x00e2b6    0x3f  general.o [1]
  .near_func.text    const    0x00e2f5    0x3f  xscanffull_nomb.o [4]
  .near_func.text    ro code  0x00e334    0x3d  stm8l15x_rtc.o [1]
  .near_func.text    ro code  0x00e371    0x3d  sprintf.o [4]
  .near_func.text    const    0x00e3ae    0x3c  xprintffull_nomb.o [4]
  .near_func.text    ro code  0x00e3ea    0x3a  command.o [1]
  .near_func.text    ro code  0x00e424    0x38  stm8l15x_rtc.o [1]
  .near_func.text    ro code  0x00e45c    0x37  xprintffull_nomb.o [4]
  .near_func.text    ro code  0x00e493    0x36  AppLyr.o [1]
  .near_func.text    ro code  0x00e4c9    0x34  stm8l15x_rtc.o [1]
  .near_func.text    ro code  0x00e4fd    0x33  xprintffull_nomb.o [4]
  .near_func.text    ro code  0x00e530    0x32  general.o [1]
  .near_func.text    ro code  0x00e562    0x31  general.o [1]
  .near_func.text    ro code  0x00e593    0x30  command.o [1]
  .near_func.text    ro code  0x00e5c3    0x30  command.o [1]
  .near_func.text    ro code  0x00e5f3    0x30  div.o [4]
  .near_func.text    ro code  0x00e623    0x2f  main.o [1]
  .near_func.text    ro code  0x00e652    0x2f  stm8l15x_pwr.o [1]
  .near_func.text    ro code  0x00e681    0x2f  xprintffull_nomb.o [4]
  .near_func.text    ro code  0x00e6b0    0x2e  AppLyr.o [1]
  .near_func.text    ro code  0x00e6de    0x2e  stm8l15x_it.o [1]
  .near_func.text    ro code  0x00e70c    0x2e  xscanffull_nomb.o [4]
  .near_func.text    ro code  0x00e73a    0x2c  clock.o [1]
  .near_func.text    ro code  0x00e766    0x2c  xdtento.o [4]
  .near_func.text    ro code  0x00e792    0x2b  main.o [1]
  .near_func.text    ro code  0x00e7bd    0x2a  stm8l15x_it.o [1]
  .near_func.text    ro code  0x00e7e7    0x29  command.o [1]
  .near_func.text    ro code  0x00e810    0x28  init_small.o [4]
  .near_func.text    ro code  0x00e838    0x27  xsscin.o [4]
  .near.rodata       const    0x00e85f    0x25  xstoul.o [4]
  .near.rodata       const    0x00e884    0x25  xstoul.o [4]
  .near_func.text    ro code  0x00e8a9    0x24  DlkLyr.o [1]
  .near_func.text    ro code  0x00e8cd    0x24  stm8l15x_tim2.o [1]
  .near_func.text    ro code  0x00e8f1    0x24  isxdigit.o [4]
  .near_func.text    ro code  0x00e915    0x23  AppLyr.o [1]
  .near_func.text    ro code  0x00e938    0x23  AppLyr.o [1]
  .near_func.text    ro code  0x00e95b    0x23  general.o [1]
  .near_func.text    ro code  0x00e97e    0x23  stm8l15x_it.o [1]
  .near_func.text    ro code  0x00e9a1    0x23  stm8l15x_rtc.o [1]
  .near_func.text    ro code  0x00e9c4    0x22  AppLyr.o [1]
  .near_func.text    ro code  0x00e9e6    0x22  main.o [1]
  .near_func.text    ro code  0x00ea08    0x22  stm8l15x_it.o [1]
  .near_func.text    ro code  0x00ea2a    0x21  Configure.o [1]
  .near_func.text    ro code  0x00ea4b    0x21  stm8l15x_exti.o [1]
  .near_func.text    ro code  0x00ea6c    0x21  stm8l15x_exti.o [1]
  .near_func.text    ro code  0x00ea8d    0x21  xscanffull_nomb.o [4]
  .near_func.text    ro code  0x00eaae    0x21  memchr.o [4]
  .iar.init_table    const    0x00eacf    0x12  - Linker created -
  .near.rodata       const    0x00eae1    0x20  Radio.o [1]
  .near.rodata       const    0x00eb01    0x20  Radio.o [1]
  .near_func.text    ro code  0x00eb21    0x20  App_Uart.o [1]
  .near_func.text    ro code  0x00eb41    0x20  command.o [1]
  .near_func.text    ro code  0x00eb61    0x20  general.o [1]
  .near_func.text    ro code  0x00eb81    0x20  general.o [1]
  .near_func.text    ro code  0x00eba1    0x20  stm8l15x_it.o [1]
  .near_func.text    ro code  0x00ebc1    0x1f  led.o [1]
  .near_func.text    ro code  0x00ebe0    0x1f  stm8l15x_usart.o [1]
  .near_func.text    ro code  0x00ebff    0x1f  memcpy.o [4]
  .near_func.text    ro code  0x00ec1e    0x1f  dc_util.o [4]
  .near_func.text    ro code  0x00ec3d    0x1e  Spi.o [1]
  .near_func.text    ro code  0x00ec5b    0x1e  sscanf.o [4]
  .near_func.text    ro code  0x00ec79    0x1e  init_small.o [4]
  .near_func.text    ro code  0x00ec97    0x1d  xlocale_c.o [4]
  .near_func.text    ro code  0x00ecb4    0x1c  list.o [1]
  .near_func.text    ro code  0x00ecd0    0x1c  main.o [1]
  .near_func.text    ro code  0x00ecec    0x1c  stm8l15x_it.o [1]
  .near_func.text    ro code  0x00ed08    0x1c  stm8l15x_it.o [1]
  .near_func.text    ro code  0x00ed24    0x1c  stm8l15x_it.o [1]
  .near.rodata       const    0x00ed40    0x1b  command.o [1]
  .near_func.text    ro code  0x00ed5b    0x1b  command.o [1]
  .near_func.text    ro code  0x00ed76    0x1b  main.o [1]
  .near_func.text    ro code  0x00ed91    0x1b  main.o [1]
  .near_func.text    ro code  0x00edac    0x1b  Uart.o [1]
  .near_func.text    ro code  0x00edc7    0x1a  stm8l15x_tim2.o [1]
  .near_func.text    ro code  0x00ede1    0x19  general.o [1]
  .near_func.text    ro code  0x00edfa    0x19  stm8l15x_flash.o [1]
  .near_func.text    ro code  0x00ee13    0x19  stm8l15x_it.o [1]
  .near_func.text    ro code  0x00ee2c    0x19  stm8l15x_it.o [1]
  .near.rodata       const    0x00ee45    0x18  xdtento.o [4]
  .near_func.text    ro code  0x00ee5d    0x18  clock.o [1]
  .near_func.text    ro code  0x00ee75    0x18  stm8l15x_it.o [1]
  .near_func.text    ro code  0x00ee8d    0x18  stm8l15x_it.o [1]
  .near_func.text    ro code  0x00eea5    0x18  xlocale_c.o [4]
  .near_func.text    ro code  0x00eebd    0x18  xlocale_c.o [4]
  .near.rodata       const    0x00eed5    0x17  xstoxflt.o [4]
  .near_func.text    ro code  0x00eeec    0x17  list.o [1]
  .near.rodata       const    0x00ef03    0x16  xstoxflt.o [4]
  .near_func.text    ro code  0x00ef19    0x15  command.o [1]
  .near_func.text    ro code  0x00ef2e    0x15  general.o [1]
  .near_func.text    ro code  0x00ef43    0x15  main.o [1]
  .near_func.text    ro code  0x00ef58    0x15  stm8l15x_rtc.o [1]
  .near_func.text    ro code  0x00ef6d    0x15  strchr.o [4]
  .near_func.text    ro code  0x00ef82    0x15  xstoxflt.o [4]
  .near_func.text    ro code  0x00ef97    0x14  test.o [1]
  .near_func.text    ro code  0x00efab    0x14  init.o [4]
  .near_func.text    ro code  0x00efbf    0x14  xprintffull_nomb.o [4]
  .near_func.text    ro code  0x00efd3    0x14  __dbg_xxexit.o [3]
  .near.rodata       const    0x00efe7    0x13  command.o [1]
  .near_func.text    ro code  0x00effa    0x13  stm8l15x_clk.o [1]
  .near_func.text    ro code  0x00f00d    0x13  stm8l15x_pwr.o [1]
  .near_func.text    ro code  0x00f020    0x13  cstartup.o [4]
  .near_func.text    ro code  0x00f033    0x13  setlocale.o [4]
  .near_func.text    ro code  0x00f046    0x12  tolower.o [4]
  .near_func.text    ro code  0x00f058    0x10  effectshow.o [1]
  .near_func.text    ro code  0x00f068    0x10  isdigit.o [4]
  .near_func.text    ro code  0x00f078    0x10  xlocale_c.o [4]
  .near_func.text    ro code  0x00f088    0x10  xlocale_c.o [4]
  .near_func.text    ro code  0x00f098     0xf  battery.o [1]
  .near_func.text    ro code  0x00f0a7     0xf  effectshow.o [1]
  .near_func.text    ro code  0x00f0b6     0xe  clock.o [1]
  .near_func.text    ro code  0x00f0c4     0xe  xstoflt.o [4]
  .near_func.text    ro code  0x00f0d2     0xd  stm8l15x_clk.o [1]
  .near_func.text    ro code  0x00f0df     0xd  stm8l15x_pwr.o [1]
  .near_func.text    ro code  0x00f0ec     0xd  stm8l15x_pwr.o [1]
  .near_func.text    ro code  0x00f0f9     0xd  stm8l15x_pwr.o [1]
  .near_func.text    ro code  0x00f106     0xd  stm8l15x_pwr.o [1]
  .near_func.text    ro code  0x00f113     0xd  stm8l15x_tim2.o [1]
  .near_func.text    ro code  0x00f120     0xd  move.o [4]
  .near_func.text    ro code  0x00f12d     0xd  strlen.o [4]
  .near_func.text    ro code  0x00f13a     0xd  localeconv.o [4]
  .near_func.text    ro code  0x00f147     0xc  switch.o [4]
  .near_func.text    ro code  0x00f153     0xc  isxxx.o [4]
  .near_func.text    ro code  0x00f15f     0xc  isxxx.o [4]
  .near_func.text    ro code  0x00f16b     0xc  xdtento.o [4]
  .near_func.text    ro code  0x00f177     0xb  battery.o [1]
  .near_func.text    ro code  0x00f182     0xb  stm8l15x_flash.o [1]
  .near_func.text    ro code  0x00f18d     0xb  stm8l15x_tim2.o [1]
  .near_func.text    ro code  0x00f198     0xb  char.o [4]
  .near_func.text    ro code  0x00f1a3     0xb  xprintffull_nomb.o [4]
  .near_func.text    ro code  0x00f1ae     0xb  xprintffull_nomb.o [4]
  .near_func.text    ro code  0x00f1b9     0xb  xsprout.o [4]
  .near_func.text    ro code  0x00f1c4     0xb  xscanffull_nomb.o [4]
  .near_func.text    ro code  0x00f1cf     0xa  stm8l15x_clk.o [1]
  .near_func.text    ro code  0x00f1d9     0xa  xprintffull_nomb.o [4]
  .near_func.text    ro code  0x00f1e3     0xa  xprintffull_nomb.o [4]
  .near_func.text    ro code  0x00f1ed     0xa  xscanffull_nomb.o [4]
  .near_func.text    ro code  0x00f1f7     0xa  xscanffull_nomb.o [4]
  .near_func.text    ro code  0x00f201     0xa  isxxx.o [4]
  .near_func.text    ro code  0x00f20b     0x9  DlkLyr.o [1]
  .near_func.text    ro code  0x00f214     0x9  stm8l15x_rtc.o [1]
  .near_func.text    ro code  0x00f21d     0x9  xprintffull_nomb.o [4]
  .near_func.text    ro code  0x00f226     0x9  xprintffull_nomb.o [4]
  .near_func.text    ro code  0x00f22f     0x9  xprintffull_nomb.o [4]
  .near_func.text    ro code  0x00f238     0x9  xscanffull_nomb.o [4]
  .near_func.text    ro code  0x00f241     0x9  xstoflt.o [4]
  .near_func.text    ro code  0x00f24a     0x9  xdtento.o [4]
  .near_func.text    ro code  0x00f253     0x8  xprintffull_nomb.o [4]
  .near_func.text    ro code  0x00f25b     0x8  xprintffull_nomb.o [4]
  .near_func.text    ro code  0x00f263     0x8  xprintffull_nomb.o [4]
  .near_func.text    ro code  0x00f26b     0x8  xprintffull_nomb.o [4]
  .near_func.text    ro code  0x00f273     0x8  xprintffull_nomb.o [4]
  .near_func.text    ro code  0x00f27b     0x8  xscanffull_nomb.o [4]
  .near_func.text    ro code  0x00f283     0x8  xstoflt.o [4]
  .near_func.text    ro code  0x00f28b     0x8  xstoxflt.o [4]
  .near.rodata       const    0x00f293     0x7  xprintffull_nomb.o [4]
  .near.rodata       const    0x00f29a     0x7  xscanffull_nomb.o [4]
  .near_func.text    ro code  0x00f2a1     0x7  xprintffull_nomb.o [4]
  .near_func.text    ro code  0x00f2a8     0x7  xprintffull_nomb.o [4]
  .near_func.text    ro code  0x00f2af     0x7  xprintffull_nomb.o [4]
  .near_func.text    ro code  0x00f2b6     0x7  xscanffull_nomb.o [4]
  .near_func.text    ro code  0x00f2bd     0x7  xscanffull_nomb.o [4]
  .near_func.text    ro code  0x00f2c4     0x7  xscanffull_nomb.o [4]
  .near_func.text    ro code  0x00f2cb     0x7  xscanffull_nomb.o [4]
  .near_func.text    ro code  0x00f2d2     0x7  xscanffull_nomb.o [4]
  .near_func.text    ro code  0x00f2d9     0x7  xstoflt.o [4]
  .near_func.text    ro code  0x00f2e0     0x7  xstoxflt.o [4]
  .near_func.text    ro code  0x00f2e7     0x7  xdtento.o [4]
  .near_func.text    ro code  0x00f2ee     0x7  setlocale.o [4]
  .near.rodata       const    0x00f2f5     0x6  localeconv.o [4]
  .near_func.text    ro code  0x00f2fb     0x6  xprintffull_nomb.o [4]
  .near_func.text    ro code  0x00f301     0x6  xprintffull_nomb.o [4]
  .near_func.text    ro code  0x00f307     0x6  xprintffull_nomb.o [4]
  .near_func.text    ro code  0x00f30d     0x6  xprintffull_nomb.o [4]
  .near_func.text    ro code  0x00f313     0x6  xprintffull_nomb.o [4]
  .near_func.text    ro code  0x00f319     0x6  xscanffull_nomb.o [4]
  .near_func.text    ro code  0x00f31f     0x6  xscanffull_nomb.o [4]
  .near_func.text    ro code  0x00f325     0x6  xscanffull_nomb.o [4]
  .near_func.text    ro code  0x00f32b     0x6  xscanffull_nomb.o [4]
  .near_func.text    ro code  0x00f331     0x6  xscanffull_nomb.o [4]
  .near_func.text    ro code  0x00f337     0x6  xscanffull_nomb.o [4]
  .near_func.text    ro code  0x00f33d     0x6  xstoflt.o [4]
  .near_func.text    ro code  0x00f343     0x6  xstoxflt.o [4]
  .near.rodata       const    0x00f349     0x5  xscanffull_nomb.o [4]
  .near.rodata       const    0x00f34e     0x5  localeconv.o [4]
  .near_func.text    ro code  0x00f353     0x5  command.o [1]
  .near_func.text    ro code  0x00f358     0x5  command.o [1]
  .near_func.text    ro code  0x00f35d     0x5  stm8l15x_iwdg.o [1]
  .near_func.text    ro code  0x00f362     0x5  stm8l15x_iwdg.o [1]
  .near_func.text    ro code  0x00f367     0x5  stm8l15x_pwr.o [1]
  .near_func.text    ro code  0x00f36c     0x5  stm8l15x_tim2.o [1]
  .near_func.text    ro code  0x00f371     0x5  stm8l15x_tim4.o [1]
  .near_func.text    ro code  0x00f376     0x5  xprintffull_nomb.o [4]
  .near_func.text    ro code  0x00f37b     0x5  cexit.o [4]
  .near.rodata       const    0x00f380     0x4  xprintffull_nomb.o [4]
  .near.rodata       const    0x00f384     0x4  xprintffull_nomb.o [4]
  .near.rodata       const    0x00f388     0x4  xprintffull_nomb.o [4]
  .near.rodata       const    0x00f38c     0x4  xprintffull_nomb.o [4]
  .near_func.text    ro code  0x00f390     0x4  list.o [1]
  .near_func.text    ro code  0x00f394     0x4  stm8l15x_clk.o [1]
  .near_func.text    ro code  0x00f398     0x4  stm8l15x_clk.o [1]
  .near_func.text    ro code  0x00f39c     0x4  stm8l15x_clk.o [1]
  .near_func.text    ro code  0x00f3a0     0x4  stm8l15x_flash.o [1]
  .near_func.text    ro code  0x00f3a4     0x4  stm8l15x_flash.o [1]
  .near_func.text    ro code  0x00f3a8     0x4  stm8l15x_iwdg.o [1]
  .near_func.text    ro code  0x00f3ac     0x4  stm8l15x_iwdg.o [1]
  .near_func.text    ro code  0x00f3b0     0x4  stm8l15x_iwdg.o [1]
  .near_func.text    ro code  0x00f3b4     0x4  xprintffull_nomb.o [4]
  .near_func.text    ro code  0x00f3b8     0x4  xscanffull_nomb.o [4]
  .near_func.text    ro code  0x00f3bc     0x4  xscanffull_nomb.o [4]
  .near_func.text    ro code  0x00f3c0     0x4  setlocale.o [4]
  .near_func.text    ro code  0x00f3c4     0x3  stm8l15x_usart.o [1]
  .near_func.text    ro code  0x00f3c7     0x3  interrupt.o [4]
  .near_func.text    ro code  0x00f3ca     0x3  low_level_init.o [4]
  .near_func.text    ro code  0x00f3cd     0x3  exit.o [4]
  .near_func.text    ro code  0x00f3d0     0x3  unhandled_exception.o [4]
  .near_func.text    ro code  0x00f3d3     0x3  xstoxflt.o [4]
  .near.rodata       const    0x00f3d6     0x2  xprintffull_nomb.o [4]
  .near.rodata       const    0x00f3d8     0x2  localeconv.o [4]
  .near_func.text    ro code  0x00f3da     0x2  list.o [1]
  .near.rodata       const    0x00f3dc     0x1  localeconv.o [4]
  .near_func.text    ro code  0x00f3dd     0x1  stm8l15x_it.o [1]
  .near_func.text    ro code  0x00f3de     0x1  stm8l15x_it.o [1]
  .near_func.text    ro code  0x00f3df     0x1  stm8l15x_it.o [1]
  .near_func.text    ro code  0x00f3e0     0x1  stm8l15x_it.o [1]
  .near_func.text    ro code  0x00f3e1     0x1  stm8l15x_it.o [1]
  .near_func.text    ro code  0x00f3e2     0x1  stm8l15x_it.o [1]
  .near_func.text    ro code  0x00f3e3     0x1  stm8l15x_it.o [1]
  .near_func.text    ro code  0x00f3e4     0x1  stm8l15x_it.o [1]
  .near_func.text    ro code  0x00f3e5     0x1  stm8l15x_it.o [1]
  .near_func.text    ro code  0x00f3e6     0x1  stm8l15x_it.o [1]
  .near_func.text    ro code  0x00f3e7     0x1  stm8l15x_it.o [1]
  .near_func.text    ro code  0x00f3e8     0x1  stm8l15x_it.o [1]
  .near_func.text    ro code  0x00f3e9     0x1  stm8l15x_it.o [1]
  .near_func.text    ro code  0x00f3ea     0x1  stm8l15x_it.o [1]
  .near_func.text    ro code  0x00f3eb     0x1  stm8l15x_it.o [1]
  .near_func.text    ro code  0x00f3ec     0x1  stm8l15x_it.o [1]
  .near_func.text    ro code  0x00f3ed     0x1  __dbg_break.o [3]
                            - 0x00f3ee  0x736e


*******************************************************************************
*** INIT TABLE
***

          Address   Size
          -------   ----
Zero (__iar_zero_init2)
    1 destination range, total size 0x3c5:
          0x000052  0x3c5

Copy (__iar_copy_init2)
    1 source range, total size 0x42:
          0x00e1b3   0x42
    1 destination range, total size 0x42:
          0x000010   0x42



*******************************************************************************
*** MODULE SUMMARY
***

    Module                 ro code  ro data  rw data  rw data
                                                       (abs)
    ------                 -------  -------  -------  -------
D:\MK\Debug\Obj: [1]
    AppLyr.o                   462        4      221
    App_Uart.o                  32                 4
    Configure.o                409                 9
    DlkLyr.o                   240                 7
    MyUart.o                    69                70
    Radio.o                  2 889      572      209        1
    Radio_Config.o           3 487
    Spi.o                      101
    Uart.o                     206               207
    battery.o                  333
    clock.o                     82                 4
    command.o                2 152       58      119
    effectshow.o             1 051                 2        1
    general.o                  456        4       11        1
    led.o                      228
    list.o                     166
    main.o                     764                 5
    stm8l15x_clk.o             343
    stm8l15x_exti.o            335
    stm8l15x_flash.o            44
    stm8l15x_gpio.o            142
    stm8l15x_it.o              457
    stm8l15x_iwdg.o             22
    stm8l15x_pwr.o             123
    stm8l15x_rtc.o             234
    stm8l15x_tim2.o             91
    stm8l15x_tim4.o              5
    stm8l15x_usart.o           182
    sysdata.o                                     88
    test.o                     303                 9        3
    ---------------------------------------------------------
    Total:                  15 408      638      965        6

command line: [2]
    ---------------------------------------------------------
    Total:

dbgstm8smd.a: [3]
    __dbg_break.o                1
    __dbg_xxexit.o              20
    ---------------------------------------------------------
    Total:                      21

dlstm8smf.a: [4]
    cexit.o                      5
    char.o                      11
    cstartup.o                  19
    dc_util.o                   31
    div.o                       48
    errno.o                                        2
    exit.o                       3
    float.o                  1 151
    float_libsup.o             353
    init.o                      20
    init_small.o                70
    interrupt.o                  3      128
    isdigit.o                   16
    isxdigit.o                  36
    isxxx.o                     34
    localeconv.o                13       60       48
    long.o                     648
    long_util.o                144
    low_level_init.o             3
    memchr.o                    33
    memcpy.o                    31
    move.o                      13
    setlocale.o                 30                16
    short.o                    108
    sprintf.o                   61
    sscanf.o                    30
    strchr.o                    21
    strlen.o                    13
    switch.o                    12
    tolower.o                   18
    unhandled_exception.o        3
    vreg_util.o                360
    vregs.o                                       16
    xdtento.o                  427       24
    xlocale_c.o                109
    xprintffull_nomb.o       3 892       85
    xscanffull_nomb.o        2 653       75
    xsprout.o                   11
    xsscin.o                    39
    xstoflt.o                  669
    xstol.o                    197
    xstold.o                   354
    xstopfx.o                  312
    xstoul.o                   444       74
    xstoxflt.o                 654       45
    ---------------------------------------------------------
    Total:                  13 102      491       82

    Linker created                       18      256
-------------------------------------------------------------
    Grand Total:            28 531    1 147    1 303        6


*******************************************************************************
*** ENTRY LIST
***

Entry                    Address   Size  Type      Object
-----                    -------   ----  ----      ------
.iar.init_table$$Base   0x00eacf          --   Gb  - Linker created -
.iar.init_table$$Limit  0x00eae1          --   Gb  - Linker created -
?add32_l0_l0_0x         0x00b18a         Code  Gb  long.o [4]
?add32_l0_l0_dl         0x00b182         Code  Gb  long.o [4]
?add32_l0_l0_l1         0x00b187         Code  Gb  long.o [4]
?and32_l0_l0_0x         0x00b33f         Code  Gb  long.o [4]
?and32_l0_l0_l1         0x00b33c         Code  Gb  long.o [4]
?b0                     0x000000         Data  Gb  vregs.o [4]
?b1                     0x000001         Data  Gb  vregs.o [4]
?b10                    0x00000a         Data  Gb  vregs.o [4]
?b11                    0x00000b         Data  Gb  vregs.o [4]
?b12                    0x00000c         Data  Gb  vregs.o [4]
?b13                    0x00000d         Data  Gb  vregs.o [4]
?b14                    0x00000e         Data  Gb  vregs.o [4]
?b15                    0x00000f         Data  Gb  vregs.o [4]
?b2                     0x000002         Data  Gb  vregs.o [4]
?b3                     0x000003         Data  Gb  vregs.o [4]
?b4                     0x000004         Data  Gb  vregs.o [4]
?b5                     0x000005         Data  Gb  vregs.o [4]
?b6                     0x000006         Data  Gb  vregs.o [4]
?b7                     0x000007         Data  Gb  vregs.o [4]
?b8                     0x000008         Data  Gb  vregs.o [4]
?b9                     0x000009         Data  Gb  vregs.o [4]
?dc32_l1                0x00ec25         Code  Gb  dc_util.o [4]
?dc32_px                0x00ec32         Code  Gb  dc_util.o [4]
?dc8_px                 0x00ec1e         Code  Gb  dc_util.o [4]
?dec32_0x_0x            0x00b16e         Code  Gb  long.o [4]
?dec32_l0_l0            0x00b164         Code  Gb  long.o [4]
?dec32_l2_l2            0x00b169         Code  Gb  long.o [4]
?e0                     0x000001         Data  Gb  vregs.o [4]
?e1                     0x000005         Data  Gb  vregs.o [4]
?e2                     0x000009         Data  Gb  vregs.o [4]
?e3                     0x00000d         Data  Gb  vregs.o [4]
?epilogue_l2            0x00c3a9         Code  Gb  vreg_util.o [4]
?epilogue_l2_l3         0x00c3a6         Code  Gb  vreg_util.o [4]
?epilogue_l2_w6         0x00c3ad         Code  Gb  vreg_util.o [4]
?epilogue_w4            0x00c3b4         Code  Gb  vreg_util.o [4]
?fadd32_l0_l0_l1        0x009dbc         Code  Gb  float.o [4]
?fcastf32s32_l0_l0      0x00a0c7         Code  Gb  float.o [4]
?fcastf32u32_l0_l0      0x00a0d2         Code  Gb  float.o [4]
?fcasts32f32_l0_l0      0x00a066         Code  Gb  float.o [4]
?fcastu32f32_l0_l0      0x00a04f         Code  Gb  float.o [4]
?fcmpeq32_c_0x_fzero    0x009fe3         Code  Gb  float.o [4]
?fcmpeq32_c_l0_fzero    0x009fe0         Code  Gb  float.o [4]
?fcmpge32_c_l0_0x       0x009ff0         Code  Gb  float.o [4]
?fcmpge32_c_l0_dc32     0x009feb         Code  Gb  float.o [4]
?fcmplt32_c_l0_0x       0x009ff9         Code  Gb  float.o [4]
?fcmplt32_c_l0_dc32     0x009ff4         Code  Gb  float.o [4]
?fdiv32_l0_l0_dc32      0x009f2d         Code  Gb  float.o [4]
?fdiv32_l0_l0_l1        0x009f32         Code  Gb  float.o [4]
?fmul32_l0_l0_0x        0x009e8f         Code  Gb  float.o [4]
?fmul32_l0_l0_dc32      0x009e8a         Code  Gb  float.o [4]
?fmul32_l0_l0_l1        0x009e92         Code  Gb  float.o [4]
?fsub32_l0_l0_l1        0x009db6         Code  Gb  float.o [4]
?inc32_0x_0x            0x00b156         Code  Gb  long.o [4]
?inc32_l0_l0            0x00b151         Code  Gb  long.o [4]
?l0                     0x000000         Data  Gb  vregs.o [4]
?l1                     0x000004         Data  Gb  vregs.o [4]
?l2                     0x000008         Data  Gb  vregs.o [4]
?l3                     0x00000c         Data  Gb  vregs.o [4]
?load32_0x_l0           0x00d8fd         Code  Gb  long_util.o [4]
?load32_0x_l1           0x00d90b         Code  Gb  long_util.o [4]
?load32_0x_l2           0x00d92a         Code  Gb  long_util.o [4]
?load32_asp_l0          0x00d8f1         Code  Gb  long_util.o [4]
?load32_asp_l2          0x00d91e         Code  Gb  long_util.o [4]
?load32_dbsp_l0         0x00d8ec         Code  Gb  long_util.o [4]
?load32_dbsp_l2         0x00d919         Code  Gb  long_util.o [4]
?load32_l0_0x           0x00d8b8         Code  Gb  long_util.o [4]
?load32_l0_asp          0x00d8ad         Code  Gb  long_util.o [4]
?load32_l0_dbsp         0x00d8a8         Code  Gb  long_util.o [4]
?load32_l0_xsp          0x00d8af         Code  Gb  long_util.o [4]
?load32_l1_0x           0x00d8d4         Code  Gb  long_util.o [4]
?load32_l1_asp          0x00d8c9         Code  Gb  long_util.o [4]
?load32_l1_dbsp         0x00d8c4         Code  Gb  long_util.o [4]
?load32_l1_xsp          0x00d8cb         Code  Gb  long_util.o [4]
?load32_l2_0x           0x00d8e0         Code  Gb  long_util.o [4]
?load32_xsp_l0          0x00d8f3         Code  Gb  long_util.o [4]
?load32_xsp_l2          0x00d920         Code  Gb  long_util.o [4]
?mov_e0_e1              0x00c40f         Code  Gb  vreg_util.o [4]
?mov_e0_e2              0x00c41c         Code  Gb  vreg_util.o [4]
?mov_e1_e0              0x00c429         Code  Gb  vreg_util.o [4]
?mov_e1_e2              0x00c436         Code  Gb  vreg_util.o [4]
?mov_e1_e3              0x00c443         Code  Gb  vreg_util.o [4]
?mov_e2_e0              0x00c450         Code  Gb  vreg_util.o [4]
?mov_e2_e1              0x00c45d         Code  Gb  vreg_util.o [4]
?mov_l0_l1              0x00c40c         Code  Gb  vreg_util.o [4]
?mov_l0_l2              0x00c419         Code  Gb  vreg_util.o [4]
?mov_l1_l0              0x00c426         Code  Gb  vreg_util.o [4]
?mov_l1_l2              0x00c433         Code  Gb  vreg_util.o [4]
?mov_l1_l3              0x00c440         Code  Gb  vreg_util.o [4]
?mov_l2_l0              0x00c44d         Code  Gb  vreg_util.o [4]
?mov_l2_l1              0x00c45a         Code  Gb  vreg_util.o [4]
?mov_w0_w2              0x00c3b8         Code  Gb  vreg_util.o [4]
?mov_w0_w4              0x00c3bf         Code  Gb  vreg_util.o [4]
?mov_w0_w5              0x00c3c6         Code  Gb  vreg_util.o [4]
?mov_w0_w6              0x00c3cd         Code  Gb  vreg_util.o [4]
?mov_w1_w0              0x00c3d4         Code  Gb  vreg_util.o [4]
?mov_w1_w3              0x00c412         Code  Gb  vreg_util.o [4]
?mov_w1_w5              0x00c41f         Code  Gb  vreg_util.o [4]
?mov_w2_w0              0x00c3db         Code  Gb  vreg_util.o [4]
?mov_w2_w1              0x00c3e2         Code  Gb  vreg_util.o [4]
?mov_w3_w1              0x00c42c         Code  Gb  vreg_util.o [4]
?mov_w3_w5              0x00c439         Code  Gb  vreg_util.o [4]
?mov_w3_w7              0x00c446         Code  Gb  vreg_util.o [4]
?mov_w4_w0              0x00c3e9         Code  Gb  vreg_util.o [4]
?mov_w4_w1              0x00c3f0         Code  Gb  vreg_util.o [4]
?mov_w4_w5              0x00c3f7         Code  Gb  vreg_util.o [4]
?mov_w5_w0              0x00c3fe         Code  Gb  vreg_util.o [4]
?mov_w5_w1              0x00c453         Code  Gb  vreg_util.o [4]
?mov_w5_w3              0x00c460         Code  Gb  vreg_util.o [4]
?mov_w5_w4              0x00c405         Code  Gb  vreg_util.o [4]
?move1616_v_x_y_a       0x00f120         Code  Gb  move.o [4]
?mul16_x_x_w0           0x00dcb2         Code  Gb  short.o [4]
?mul32_l0_l0_0x         0x00b1c5         Code  Gb  long.o [4]
?mul32_l0_l0_dl         0x00b1c2         Code  Gb  long.o [4]
?mul32_l0_l0_l1         0x00b1ce         Code  Gb  long.o [4]
?neg32_l0_l0            0x00b141         Code  Gb  long.o [4]
?or32_l0_l0_0x          0x00b35a         Code  Gb  long.o [4]
?or32_l0_l0_l1          0x00b357         Code  Gb  long.o [4]
?pop_l0                 0x00c372         Code  Gb  vreg_util.o [4]
?pop_l1                 0x00c37d         Code  Gb  vreg_util.o [4]
?pop_l2                 0x00c388         Code  Gb  vreg_util.o [4]
?pop_l3                 0x00c393         Code  Gb  vreg_util.o [4]
?pop_w4                 0x00c32b         Code  Gb  vreg_util.o [4]
?pop_w6                 0x00c332         Code  Gb  vreg_util.o [4]
?push_l0                0x00c341         Code  Gb  vreg_util.o [4]
?push_l1                0x00c346         Code  Gb  vreg_util.o [4]
?push_l2                0x00c34b         Code  Gb  vreg_util.o [4]
?push_l3                0x00c350         Code  Gb  vreg_util.o [4]
?push_w0                0x00c2ff         Code  Gb  vreg_util.o [4]
?push_w1                0x00c304         Code  Gb  vreg_util.o [4]
?push_w2                0x00c309         Code  Gb  vreg_util.o [4]
?push_w4                0x00c30e         Code  Gb  vreg_util.o [4]
?push_w6                0x00c313         Code  Gb  vreg_util.o [4]
?scmp32_c_l0_l1         0x00b325         Code  Gb  long.o [4]
?sdiv16_x_x_y           0x00dcd0         Code  Gb  short.o [4]
?sdiv32_l0_l0_dl        0x00b2c1         Code  Gb  long.o [4]
?sdiv32_l0_l0_l1        0x00b2c4         Code  Gb  long.o [4]
?sext16_x_a             0x00dd17         Code  Gb  short.o [4]
?sext32_l0_a            0x00b3bc         Code  Gb  long.o [4]
?sext32_l0_x            0x00b3b1         Code  Gb  long.o [4]
?sll16_x_x_a            0x00dcf9         Code  Gb  short.o [4]
?sll32_0x_0x_a          0x00b379         Code  Gb  long.o [4]
?sll32_l0_l0_a          0x00b376         Code  Gb  long.o [4]
?sll32_l0_l0_db         0x00b372         Code  Gb  long.o [4]
?sll8_a_a_5             0x00f198         Code  Gb  char.o [4]
?smod16_y_x_y           0x00dce9         Code  Gb  short.o [4]
?smod32_l1_l0_l1        0x00b2c4         Code  Gb  long.o [4]
?sra16_x_x_4            0x00dd12         Code  Gb  short.o [4]
?sra16_x_x_5            0x00dd11         Code  Gb  short.o [4]
?sra16_x_x_6            0x00dd10         Code  Gb  short.o [4]
?sra16_x_x_7            0x00dd0f         Code  Gb  short.o [4]
?sra16_x_x_8            0x00dd0e         Code  Gb  short.o [4]
?sra16_x_x_a            0x00dd01         Code  Gb  short.o [4]
?sra32_0x_0x_a          0x00b3a3         Code  Gb  long.o [4]
?sra32_l0_l0_a          0x00b3a0         Code  Gb  long.o [4]
?sra32_l0_l0_db         0x00b39c         Code  Gb  long.o [4]
?srl16_x_x_4            0x00dd09         Code  Gb  short.o [4]
?srl32_0x_0x_a          0x00b38e         Code  Gb  long.o [4]
?srl32_l0_l0_a          0x00b38b         Code  Gb  long.o [4]
?srl32_l0_l0_db         0x00b387         Code  Gb  long.o [4]
?srl8_a_a_5             0x00f19e         Code  Gb  char.o [4]
?srl8_a_a_6             0x00f19d         Code  Gb  char.o [4]
?sub32_l0_l0_0x         0x00b1aa         Code  Gb  long.o [4]
?sub32_l0_l0_dl         0x00b1a2         Code  Gb  long.o [4]
?sub32_l0_l0_l1         0x00b1a7         Code  Gb  long.o [4]
?switch8vlt_0x_a_0x     0x00f147         Code  Gb  switch.o [4]
?ucmp32_c_l0_0x         0x00b30a         Code  Gb  long.o [4]
?ucmp32_c_l0_l1         0x00b31a         Code  Gb  long.o [4]
?udiv32_l0_l0_dl        0x00b251         Code  Gb  long.o [4]
?udiv32_l0_l0_l1        0x00b254         Code  Gb  long.o [4]
?umod32_l1_l0_dl        0x00b24c         Code  Gb  long.o [4]
?umod32_l1_l0_l1        0x00b254         Code  Gb  long.o [4]
?w0                     0x000000         Data  Gb  vregs.o [4]
?w1                     0x000002         Data  Gb  vregs.o [4]
?w2                     0x000004         Data  Gb  vregs.o [4]
?w3                     0x000006         Data  Gb  vregs.o [4]
?w4                     0x000008         Data  Gb  vregs.o [4]
?w5                     0x00000a         Data  Gb  vregs.o [4]
?w6                     0x00000c         Data  Gb  vregs.o [4]
?w7                     0x00000e         Data  Gb  vregs.o [4]
ADC1_COMP_IRQHandler    0x00f3e5    0x1  Code  Gb  stm8l15x_it.o [1]
AX5043ReceiverON        0x0091be   0x3b  Code  Gb  Radio.o [1]
AX5043_Init             0x00e2b6   0x3f  Code  Gb  general.o [1]
AX5043_OFF              0x00939e   0x41  Code  Gb  Radio.o [1]
AX5043_Reset            0x008ded   0x51  Code  Gb  Radio.o [1]
AppLyr_AddTask          0x00df82   0x4d  Code  Gb  AppLyr.o [1]
AppLyr_AddTask::seq     0x000406    0x1  Data  Lc  AppLyr.o [1]
AppLyr_AddToQueue       0x00e938   0x23  Code  Lc  AppLyr.o [1]
AppLyr_DlkLyrPkting     0x00e493   0x36  Code  Lc  AppLyr.o [1]
AppLyr_FreeQueueList    0x000012    0x2  Data  Lc  AppLyr.o [1]
AppLyr_FreeQueueList_list
                        0x0003de    0x2  Data  Lc  AppLyr.o [1]
AppLyr_GetFreeQueueItem
                        0x00e9c4   0x22  Code  Gb  AppLyr.o [1]
AppLyr_QueueInit        0x00dee3   0x50  Code  Gb  AppLyr.o [1]
AppLyr_QueueList        0x000010    0x2  Data  Lc  AppLyr.o [1]
AppLyr_QueueList_list   0x0003dc    0x2  Data  Lc  AppLyr.o [1]
AppLyr_RomoveFromQueue  0x00e915   0x23  Code  Lc  AppLyr.o [1]
AppLyr_SndToDlkLyr      0x00dd1e   0x65  Code  Lc  AppLyr.o [1]
AppTask                 0x00e6b0   0x2e  Code  Gb  AppLyr.o [1]
Ax5043SetRegisters_RX   0x008f41   0x70  Code  Gb  Radio.o [1]
Ax5043SetRegisters_TX   0x008ed1   0x70  Code  Gb  Radio.o [1]
AxRadioPHYChanPllRng_RX
                        0x00040f    0x1  Data  Gb  Radio.o [1]
AxRadioPHYChanPllRng_TX
                        0x00040e    0x1  Data  Gb  Radio.o [1]
BatteryCheckClose       0x00f098    0xf  Code  Gb  battery.o [1]
BatteryCheckOpen        0x00dbae   0x2a  Code  Gb  battery.o [1]
BattryAlarm             0x00e562   0x31  Code  Gb  general.o [1]
Battryshow              0x00be43  0x1b3  Code  Gb  effectshow.o [1]
Battrytime              0x0003e8    0x2  Data  Gb  effectshow.o [1]
CLK_GetFlagStatus       0x00d77c   0x98  Code  Gb  stm8l15x_clk.o [1]
CLK_GetSYSCLKSource     0x00f398    0x4  Code  Gb  stm8l15x_clk.o [1]
CLK_LSEConfig           0x00effa   0x13  Code  Gb  stm8l15x_clk.o [1]
CLK_PeripheralClockConfig
                        0x00d9c6   0x89  Code  Gb  stm8l15x_clk.o [1]
CLK_RTCClockConfig      0x00f1cf    0xa  Code  Gb  stm8l15x_clk.o [1]
CLK_SYSCLKDivConfig     0x00f39c    0x4  Code  Gb  stm8l15x_clk.o [1]
CLK_SYSCLKSourceConfig  0x00f394    0x4  Code  Gb  stm8l15x_clk.o [1]
CLK_SYSCLKSourceSwitchCmd
                        0x00f0d2    0xd  Code  Gb  stm8l15x_clk.o [1]
CSTACK$$Base            0x000700          --   Gb  - Linker created -
CSTACK$$Limit           0x000800          --   Gb  - Linker created -
CommandBattery_inquiry  0x00f358    0x5  Code  Gb  command.o [1]
CommandDELAYOFF         0x00ef19   0x15  Code  Gb  command.o [1]
CommandData             0x0001f4   0x6a  Data  Gb  command.o [1]
CommandHandle           0x009732  0x1c0  Code  Gb  command.o [1]
CommandHeart            0x00e7e7   0x29  Code  Gb  command.o [1]
CommandLearn            0x00eb41   0x20  Code  Gb  command.o [1]
CommandOFF              0x00e5c3   0x30  Code  Gb  command.o [1]
CommandON               0x00e593   0x30  Code  Gb  command.o [1]
CommandRISS             0x00e3ea   0x3a  Code  Gb  command.o [1]
CommandSend             0x00964e   0xe4  Code  Gb  command.o [1]
CommandSendDone         0x00f353    0x5  Code  Gb  command.o [1]
CommandStopCF           0x00ed5b   0x1b  Code  Gb  command.o [1]
CommandTask             0x0099d9  0x3c0  Code  Gb  command.o [1]
CommandUnpack           0x0098f2   0xe7  Code  Gb  command.o [1]
ConfigData              0x000014    0xc  Data  Gb  command.o [1]
DATA_BUF                0x000052   0xd4  Data  Gb  AppLyr.o [1]
DLK_GetStatus           0x00db28    0x4  Code  Gb  DlkLyr.o [1]
DLK_StatusInit          0x00f20b    0x9  Code  Gb  DlkLyr.o [1]
DMA1_CHANNEL0_1_IRQHandler
                        0x00f3df    0x1  Code  Gb  stm8l15x_it.o [1]
DMA1_CHANNEL2_3_IRQHandler
                        0x00f3e0    0x1  Code  Gb  stm8l15x_it.o [1]
Delay5us                0x00f0b6    0xe  Code  Gb  clock.o [1]
Delayms                 0x00ee5d   0x18  Code  Gb  clock.o [1]
DeviceIDCheck           0x00e276   0x40  Code  Gb  test.o [1]
DlkDtaSap               0x00db20    0x8  Code  Gb  DlkLyr.o [1]
DlkTask                 0x00e236   0x40  Code  Gb  DlkLyr.o [1]
DlkToPhy                0x00dad7   0x49  Code  Lc  DlkLyr.o [1]
Dlk_SetStatus           0x00dad3    0x4  Code  Gb  DlkLyr.o [1]
EXTI0_IRQHandler        0x00ee75   0x18  Code  Gb  stm8l15x_it.o [1]
EXTI1_IRQHandler        0x00ee13   0x19  Code  Gb  stm8l15x_it.o [1]
EXTI2_IRQHandler        0x00e97e   0x23  Code  Gb  stm8l15x_it.o [1]
EXTI3_IRQHandler        0x00ee2c   0x19  Code  Gb  stm8l15x_it.o [1]
EXTI4_IRQHandler        0x00d204   0xec  Code  Gb  Radio.o [1]
EXTI5_IRQHandler        0x00ecec   0x1c  Code  Gb  stm8l15x_it.o [1]
EXTI6_IRQHandler        0x00ed08   0x1c  Code  Gb  stm8l15x_it.o [1]
EXTI7_IRQHandler        0x00ed24   0x1c  Code  Gb  stm8l15x_it.o [1]
EXTIB_G_IRQHandler      0x00f3e1    0x1  Code  Gb  stm8l15x_it.o [1]
EXTID_H_IRQHandler      0x00f3e2    0x1  Code  Gb  stm8l15x_it.o [1]
EXTIE_F_PVD_IRQHandler  0x00ea08   0x22  Code  Gb  stm8l15x_it.o [1]
EXTI_ClearITPendingBit  0x00ea6c   0x21  Code  Gb  stm8l15x_exti.o [1]
EXTI_DeInit             0x00ea4b   0x21  Code  Gb  stm8l15x_exti.o [1]
EXTI_SetPinSensitivity  0x00cf08  0x10d  Code  Gb  stm8l15x_exti.o [1]
FLASH_IRQHandler        0x00f3de    0x1  Code  Gb  stm8l15x_it.o [1]
FLASH_Lock              0x00f182    0xb  Code  Gb  stm8l15x_flash.o [1]
FLASH_ProgramByte       0x00f3a0    0x4  Code  Gb  stm8l15x_flash.o [1]
FLASH_ReadByte          0x00f3a4    0x4  Code  Gb  stm8l15x_flash.o [1]
FLASH_Unlock            0x00edfa   0x19  Code  Gb  stm8l15x_flash.o [1]
FlashRead               0x00df33   0x4f  Code  Gb  Configure.o [1]
FlashWrite              0x00cef6   0x12  Code  Gb  Configure.o [1]
GPIO_Init               0x00d938   0x8e  Code  Gb  stm8l15x_gpio.o [1]
HeartAlarm              0x00e530   0x32  Code  Gb  general.o [1]
HeartAlarmTime          0x0003ee    0x2  Data  Lc  general.o [1]
HeartTime               0x000020    0x4  Data  Lc  general.o [1]
HeartTimeCheck          0x00e12d   0x43  Code  Gb  general.o [1]
HighPowerFlag           0x000407    0x1  Data  Gb  command.o [1]
I2C1_SPI2_IRQHandler    0x00f3ec    0x1  Code  Gb  stm8l15x_it.o [1]
INT0_init               0x00ed76   0x1b  Code  Gb  main.o [1]
INTVEC$$Base            0x008000          --   Gb  - Linker created -
INTVEC$$Limit           0x008080          --   Gb  - Linker created -
IWDGInit                0x00ef43   0x15  Code  Gb  main.o [1]
IWDG_Enable             0x00f362    0x5  Code  Gb  stm8l15x_iwdg.o [1]
IWDG_ReloadCounter      0x00f35d    0x5  Code  Gb  stm8l15x_iwdg.o [1]
IWDG_SetPrescaler       0x00f3ac    0x4  Code  Gb  stm8l15x_iwdg.o [1]
IWDG_SetReload          0x00f3b0    0x4  Code  Gb  stm8l15x_iwdg.o [1]
IWDG_WriteAccessCmd     0x00f3a8    0x4  Code  Gb  stm8l15x_iwdg.o [1]
InitAX5043              0x008fd6  0x1ba  Code  Gb  Radio.o [1]
InitAx5043REG           0x008e3e   0x93  Code  Gb  Radio.o [1]
Key4HRespond            0x00ede1   0x19  Code  Gb  general.o [1]
KeyOffRespond           0x00eb61   0x20  Code  Gb  general.o [1]
KeyOnRespond            0x00eb81   0x20  Code  Gb  general.o [1]
LBT_work                0x00ef2e   0x15  Code  Gb  general.o [1]
LCD_AES_IRQHandler      0x00f3e3    0x1  Code  Gb  stm8l15x_it.o [1]
LEDSet                  0x00ebc1   0x1f  Code  Gb  led.o [1]
LoadInt                 0x00e1f5   0x41  Code  Lc  xprintffull_nomb.o [4]
LongBeep                0x00f0a7    0xf  Code  Gb  effectshow.o [1]
LongKeyCheck            0x00de91   0x52  Code  Gb  general.o [1]
LowPowerInit            0x00d10e   0xf6  Code  Gb  main.o [1]
LowVoltageConfirmation  0x00e0e9   0x44  Code  Gb  battery.o [1]
PVDRespond              0x00dbd8   0x6d  Code  Gb  battery.o [1]
PWRDeInit               0x00f177    0xb  Code  Gb  battery.o [1]
PWR_FastWakeUpCmd       0x00f0ec    0xd  Code  Gb  stm8l15x_pwr.o [1]
PWR_GetFlagStatus       0x00e652   0x2f  Code  Gb  stm8l15x_pwr.o [1]
PWR_Init                0x00db56   0x19  Code  Gb  battery.o [1]
PWR_Init1               0x00db6f   0x15  Code  Gb  battery.o [1]
PWR_Init2               0x00db84   0x15  Code  Gb  battery.o [1]
PWR_Init3               0x00db99   0x15  Code  Gb  battery.o [1]
PWR_PVDClearITPendingBit
                        0x00f367    0x5  Code  Gb  stm8l15x_pwr.o [1]
PWR_PVDCmd              0x00f0df    0xd  Code  Gb  stm8l15x_pwr.o [1]
PWR_PVDITConfig         0x00f106    0xd  Code  Gb  stm8l15x_pwr.o [1]
PWR_PVDLevelConfig      0x00f00d   0x13  Code  Gb  stm8l15x_pwr.o [1]
PWR_UltraLowPowerCmd    0x00f0f9    0xd  Code  Gb  stm8l15x_pwr.o [1]
Port_Init               0x00da4f   0x84  Code  Gb  main.o [1]
RSSIshow                0x00cb57  0x150  Code  Gb  effectshow.o [1]
RTC_CSSLSE_IRQHandler   0x00e6de   0x2e  Code  Gb  stm8l15x_it.o [1]
RTC_ClearITPendingBit   0x00f214    0x9  Code  Gb  stm8l15x_rtc.o [1]
RTC_Config              0x00e623   0x2f  Code  Gb  main.o [1]
RTC_ITConfig            0x00e424   0x38  Code  Gb  stm8l15x_rtc.o [1]
RTC_SetWakeUpCounter    0x00ef58   0x15  Code  Gb  stm8l15x_rtc.o [1]
RTC_WaitForSynchro      0x00e4c9   0x34  Code  Gb  stm8l15x_rtc.o [1]
RTC_WakeUpClockConfig   0x00e9a1   0x23  Code  Gb  stm8l15x_rtc.o [1]
RTC_WakeUpCmd           0x00e334   0x3d  Code  Gb  stm8l15x_rtc.o [1]
RXBuff                  0x0002c3   0x65  Data  Gb  Radio.o [1]
RXMODE_REG              0x00eb01   0x20  Data  Gb  Radio.o [1]
RdioXtalON              0x008fb1   0x25  Code  Gb  Radio.o [1]
ReceiveData             0x009227  0x177  Code  Gb  Radio.o [1]
Region$$Table$$Base     0x00eacf          --   Gb  - Linker created -
Region$$Table$$Limit    0x00eae1          --   Gb  - Linker created -
RegisterVaule           0x00b89b  0x1fc  Data  Gb  Radio.o [1]
Rssidata                0x000414    0x1  Data  Gb  Radio.o [1]
RxLen                   0x000412    0x1  Data  Gb  Radio.o [1]
SPI1_IRQHandler         0x00f3eb    0x1  Code  Gb  stm8l15x_it.o [1]
SPI_OFF                 0x00ec3d   0x1e  Code  Gb  Spi.o [1]
SPI_init                0x00e017   0x47  Code  Gb  Spi.o [1]
SPSet                   0x00f058   0x10  Code  Gb  effectshow.o [1]
SUART                   0x000380   0x46  Data  Gb  MyUart.o [1]
SWITCH_CSS_BREAK_DAC_IRQHandler
                        0x00f3e4    0x1  Code  Gb  stm8l15x_it.o [1]
SendCount               0x0003e4    0x2  Data  Lc  DlkLyr.o [1]
SendCountEnd            0x0003e6    0x2  Data  Lc  DlkLyr.o [1]
SendDoneFlag            0x000409    0x1  Data  Gb  DlkLyr.o [1]
SendStt                 0x00040a    0x1  Data  Lc  DlkLyr.o [1]
Send_TIMER_INT          0x00e8a9   0x24  Code  Gb  DlkLyr.o [1]
SetChannel              0x008d52   0x9b  Code  Gb  Radio.o [1]
SetReceiveMode          0x0091f9   0x2e  Code  Gb  Radio.o [1]
SetTransmitMode         0x009190   0x2e  Code  Gb  Radio.o [1]
ShowTask                0x00d015   0xf9  Code  Gb  effectshow.o [1]
SpiPowerDown            0x008bf1    0x3  Code  Gb  Radio.o [1]
SpiReadByte             0x008c64   0x2b  Code  Gb  Radio.o [1]
SpiReadData             0x008d23   0x2f  Code  Gb  Radio.o [1]
SpiReadLongAddressRegister
                        0x008c8f   0x16  Code  Gb  Radio.o [1]
SpiReadSingleAddressRegister
                        0x008ca5   0x11  Code  Gb  Radio.o [1]
SpiWriteAutoAddressRegister
                        0x008ce6    0xe  Code  Gb  Radio.o [1]
SpiWriteByte            0x008bf4   0x37  Code  Gb  Radio.o [1]
SpiWriteData            0x008cf4   0x2f  Code  Gb  Radio.o [1]
SpiWriteLongAddressRegister
                        0x008cb6   0x1a  Code  Gb  Radio.o [1]
SpiWriteSingleAddressRegister
                        0x008cd0   0x16  Code  Gb  Radio.o [1]
SpiWriteWord            0x008c2b   0x39  Code  Gb  Radio.o [1]
SystemClock_Init        0x00ecd0   0x1c  Code  Gb  main.o [1]
TEST_TIMER_INT          0x00ed91   0x1b  Code  Gb  main.o [1]
TIM1_CC_IRQHandler      0x00f3ea    0x1  Code  Gb  stm8l15x_it.o [1]
TIM1_UPD_OVF_TRG_COM_IRQHandler
                        0x00f3e9    0x1  Code  Gb  stm8l15x_it.o [1]
TIM2_CC_USART2_RX_IRQHandler
                        0x00f3e6    0x1  Code  Gb  stm8l15x_it.o [1]
TIM2_ClearFlag          0x00f18d    0xb  Code  Gb  stm8l15x_tim2.o [1]
TIM2_ClearITPendingBit  0x00f36c    0x5  Code  Gb  stm8l15x_tim2.o [1]
TIM2_Cmd                0x00f113    0xd  Code  Gb  stm8l15x_tim2.o [1]
TIM2_ITConfig           0x00edc7   0x1a  Code  Gb  stm8l15x_tim2.o [1]
TIM2_TimeBaseInit       0x00e8cd   0x24  Code  Gb  stm8l15x_tim2.o [1]
TIM2_UPD_OVF_TRG_BRK_USART2_TX_IRQHandler
                        0x00e05e   0x46  Code  Gb  stm8l15x_it.o [1]
TIM3_CC_USART3_RX_IRQHandler
                        0x00f3e8    0x1  Code  Gb  stm8l15x_it.o [1]
TIM3_UPD_OVF_TRG_BRK_USART3_TX_IRQHandler
                        0x00f3e7    0x1  Code  Gb  stm8l15x_it.o [1]
TIM4_ClearITPendingBit  0x00f371    0x5  Code  Gb  stm8l15x_tim4.o [1]
TIM4_UPD_OVF_TRG_IRQHandler
                        0x00ee8d   0x18  Code  Gb  stm8l15x_it.o [1]
TRAP_IRQHandler         0x00f3dd    0x1  Code  Gb  stm8l15x_it.o [1]
TXBuff                  0x00025e   0x65  Data  Gb  Radio.o [1]
TXMODE_REG              0x00eae1   0x20  Data  Gb  Radio.o [1]
TestCount               0x0003ea    0x2  Data  Lc  general.o [1]
TestCount               0x0003f0    0x2  Data  Lc  main.o [1]
TestCount               0x0003f4    0x2  Data  Lc  test.o [1]
TestCountEnd            0x0003ec    0x2  Data  Lc  general.o [1]
TestCountEnd            0x0003f2    0x2  Data  Lc  main.o [1]
TestCountEnd            0x0003f6    0x2  Data  Lc  test.o [1]
TestMain                0x00d2f0   0xdb  Code  Gb  test.o [1]
TestMod                 0x00ef97   0x14  Code  Gb  test.o [1]
TestStt                 0x00040c    0x1  Data  Lc  general.o [1]
TestStt                 0x00040d    0x1  Data  Lc  main.o [1]
TestStt                 0x000415    0x1  Data  Lc  test.o [1]
TestTask                0x00e9e6   0x22  Code  Gb  main.o [1]
Time                    0x0003fa    0x2  Data  Gb  test.o [1]
Timer_Init              0x00e75f    0x7  Code  Gb  clock.o [1]
TransmitData            0x009442  0x20c  Code  Lc  Radio.o [1]
TxLen                   0x000411    0x1  Data  Gb  Radio.o [1]
UART_TIMER_INT          0x00eb21   0x20  Code  Gb  App_Uart.o [1]
USART1_RX_TIM5_CC_IRQHandler
                        0x00eba1   0x20  Code  Gb  stm8l15x_it.o [1]
USART1_TX_TIM5_UPD_OVF_TRG_BRK_IRQHandler
                        0x00e7bd   0x2a  Code  Gb  stm8l15x_it.o [1]
USART_ClearITPendingBit
                        0x00ebe0   0x1f  Code  Gb  stm8l15x_usart.o [1]
USART_ITConfig          0x00d814   0x94  Code  Gb  stm8l15x_usart.o [1]
USART_ReceiveData8      0x00f3c4    0x3  Code  Gb  stm8l15x_usart.o [1]
UartCount               0x000404    0x1  Data  Lc  App_Uart.o [1]
UartCountEnd            0x000405    0x1  Data  Lc  App_Uart.o [1]
UartDataGet             0x00e0a4   0x45  Code  Gb  MyUart.o [1]
UartSendAsync           0x00de39   0x58  Code  Gb  Uart.o [1]
UartState               0x000416    0x1  Data  Gb  Uart.o [1]
UartStt                 0x000403    0x1  Data  Lc  App_Uart.o [1]
WaitTime                0x00e95b   0x23  Code  Gb  general.o [1]
WirelessBitRateConfigure
                        0x008080  0xb71  Code  Gb  Radio_Config.o [1]
WirelessFreqConfigure   0x00d3cb   0xcc  Code  Gb  Radio_Config.o [1]
WirelessTxPowerConfigure
                        0x00c732  0x162  Code  Gb  Radio_Config.o [1]
WriteDefaultConfigParm  0x00ea2a   0x21  Code  Gb  Configure.o [1]
WriteRTCWakeUp          0x00e792   0x2b  Code  Gb  main.o [1]
_A_PA_ODR               0x005000    0x1  Data  Gb  effectshow.o [1]
_A_PB_IDR               0x005006    0x1  Data  Gb  test.o [1]
_A_PB_ODR               0x005005    0x1  Data  Gb  Radio.o [1]
_A_PD_IDR               0x005010    0x1  Data  Gb  general.o [1]
_A_PD_ODR               0x00500f    0x1  Data  Gb  test.o [1]
_A_PE_ODR               0x005014    0x1  Data  Gb  test.o [1]
_GenldFullNoMb          0x00aa80  0x37c  Code  Lc  xprintffull_nomb.o [4]
_Get                    0x00dfcf   0x1c  Code  Lc  xscanffull_nomb.o [4]
_GetN                   0x00dfeb   0x2c  Code  Lc  xscanffull_nomb.o [4]
_GetfldFullNoMb         0x00d621   0xbc  Code  Lc  xscanffull_nomb.o [4]
_GetfloatFullNoMb       0x00adfc  0x345  Code  Lc  xscanffull_nomb.o [4]
_GetintFullNoMb         0x00ba97  0x1f0  Code  Lc  xscanffull_nomb.o [4]
_GetstrFullNoMb         0x00bff6  0x193  Code  Lc  xscanffull_nomb.o [4]
_LdtobFullNoMb          0x00a66e  0x412  Code  Lc  xprintffull_nomb.o [4]
_LitobFullNoMb          0x00c189  0x176  Code  Lc  xprintffull_nomb.o [4]
_LocaleC_isalpha        0x00ec97   0x1d  Code  Gb  xlocale_c.o [4]
_LocaleC_islower        0x00f078   0x10  Code  Gb  xlocale_c.o [4]
_LocaleC_isspace        0x00eea5   0x18  Code  Gb  xlocale_c.o [4]
_LocaleC_isupper        0x00f088   0x10  Code  Gb  xlocale_c.o [4]
_LocaleC_tolower        0x00eebd   0x18  Code  Gb  xlocale_c.o [4]
_LocaleForCat           0x00f033   0x13  Code  Gb  setlocale.o [4]
_Locale_Profile         0x0003c6    0xe  Data  Gb  setlocale.o [4]
_Locale_lconv           0x000024   0x2e  Data  Gb  localeconv.o [4]
_PrintfFullNoMb         0x00a218  0x456  Code  Gb  xprintffull_nomb.o [4]
_PutcharFullNoMb        0x00e681   0x2f  Code  Lc  xprintffull_nomb.o [4]
_PutcharsFullNoMb       0x00e4fd   0x33  Code  Lc  xprintffull_nomb.o [4]
_SProut                 0x00f1b9    0xb  Code  Gb  xsprout.o [4]
_SScin                  0x00e838   0x27  Code  Gb  xsscin.o [4]
_ScanfFullNoMb          0x00c467  0x168  Code  Gb  xscanffull_nomb.o [4]
_Stoflt                 0x00b3c9  0x271  Code  Gb  xstoflt.o [4]
_Stopfx                 0x00cca7  0x138  Code  Gb  xstopfx.o [4]
_Stoxflt                0x00b63a  0x261  Code  Gb  xstoxflt.o [4]
_Stoxflt::digits        0x00eed5   0x17  Data  Lc  xstoxflt.o [4]
_Stoxflt::vals          0x00ef03   0x16  Data  Lc  xstoxflt.o [4]
_UngetN                 0x00e70c   0x2e  Code  Lc  xscanffull_nomb.o [4]
__DebugBreak            0x00f3ed    0x1  Code  Gb  __dbg_break.o [3]
__exit                  0x00efd3   0x14  Code  Gb  __dbg_xxexit.o [3]
__iar_Dnorm             0x00c9f6         Code  Gb  float_libsup.o [4]
__iar_Dscale            0x00ca84         Code  Gb  float_libsup.o [4]
__iar_Dtentox           0x00c5cf  0x163  Code  Gb  xdtento.o [4]
__iar_Dunscale          0x00ca32         Code  Gb  float_libsup.o [4]
__iar_Errno             0x0003fe    0x2  Data  Gb  errno.o [4]
__iar_Memchr            0x00eaae   0x21  Code  Gb  memchr.o [4]
__iar_Stold             0x00c9ef    0x7  Code  Gb  xstold.o [4]
__iar_Stoldx            0x00c894  0x146  Code  Gb  xstold.o [4]
__iar_Stolx             0x00d55c   0xc5  Code  Gb  xstol.o [4]
__iar_Stoul             0x00be3c    0x7  Code  Gb  xstoul.o [4]
__iar_Stoulx            0x00bc87  0x1b5  Code  Gb  xstoul.o [4]
__iar_Strchr            0x00ef6d   0x15  Code  Gb  strchr.o [4]
__iar_Tls_setup__Locale_Profile
                        0x000400    0x2  Data  Gb  setlocale.o [4]
__iar_Tls_setup__Locale_lconv
                        0x0003fc    0x2  Data  Gb  localeconv.o [4]
__iar_copy_init2        0x00e810         Code  Gb  init_small.o [4]
__iar_data_init2        0x00efab   0x14  Code  Gb  init.o [4]
__iar_program_start     0x00f020         Code  Gb  cstartup.o [4]
__iar_unhandled_exception
                        0x00f3d0         Code  Gb  unhandled_exception.o [4]
__iar_zero_init2        0x00ec79         Code  Gb  init_small.o [4]
__intvec                0x008000         Data  Gb  interrupt.o [4]
__low_level_init        0x00f3ca    0x3  Code  Gb  low_level_init.o [4]
_exit                   0x00f37b         Code  Gb  cexit.o [4]
_interrupt_1            0x00f3dd         Code  Gb  stm8l15x_it.o [1]
_interrupt_10           0x00ee75         Code  Gb  stm8l15x_it.o [1]
_interrupt_11           0x00ee13         Code  Gb  stm8l15x_it.o [1]
_interrupt_12           0x00e97e         Code  Gb  stm8l15x_it.o [1]
_interrupt_13           0x00ee2c         Code  Gb  stm8l15x_it.o [1]
_interrupt_14           0x00d204         Code  Gb  Radio.o [1]
_interrupt_15           0x00ecec         Code  Gb  stm8l15x_it.o [1]
_interrupt_16           0x00ed08         Code  Gb  stm8l15x_it.o [1]
_interrupt_17           0x00ed24         Code  Gb  stm8l15x_it.o [1]
_interrupt_18           0x00f3e3         Code  Gb  stm8l15x_it.o [1]
_interrupt_19           0x00f3e4         Code  Gb  stm8l15x_it.o [1]
_interrupt_20           0x00f3e5         Code  Gb  stm8l15x_it.o [1]
_interrupt_21           0x00e05e         Code  Gb  stm8l15x_it.o [1]
_interrupt_22           0x00f3e6         Code  Gb  stm8l15x_it.o [1]
_interrupt_23           0x00f3e7         Code  Gb  stm8l15x_it.o [1]
_interrupt_24           0x00f3e8         Code  Gb  stm8l15x_it.o [1]
_interrupt_25           0x00f3e9         Code  Gb  stm8l15x_it.o [1]
_interrupt_26           0x00f3ea         Code  Gb  stm8l15x_it.o [1]
_interrupt_27           0x00ee8d         Code  Gb  stm8l15x_it.o [1]
_interrupt_28           0x00f3eb         Code  Gb  stm8l15x_it.o [1]
_interrupt_29           0x00e7bd         Code  Gb  stm8l15x_it.o [1]
_interrupt_3            0x00f3de         Code  Gb  stm8l15x_it.o [1]
_interrupt_30           0x00eba1         Code  Gb  stm8l15x_it.o [1]
_interrupt_31           0x00f3ec         Code  Gb  stm8l15x_it.o [1]
_interrupt_4            0x00f3df         Code  Gb  stm8l15x_it.o [1]
_interrupt_5            0x00f3e0         Code  Gb  stm8l15x_it.o [1]
_interrupt_6            0x00e6de         Code  Gb  stm8l15x_it.o [1]
_interrupt_7            0x00ea08         Code  Gb  stm8l15x_it.o [1]
_interrupt_8            0x00f3e1         Code  Gb  stm8l15x_it.o [1]
_interrupt_9            0x00f3e2         Code  Gb  stm8l15x_it.o [1]
bSerialTXQueueEmtpy     0x00edac   0x1b  Code  Lc  Uart.o [1]
bSetRs232Flag           0x000402    0x1  Data  Gb  App_Uart.o [1]
chvalid                 0x00ea8d   0x21  Code  Lc  xscanffull_nomb.o [4]
configData              0x0003d4    0x8  Data  Gb  Configure.o [1]
count                   0x0003e0    0x2  Data  Gb  clock.o [1]
count1                  0x0003e2    0x2  Data  Gb  clock.o [1]
count12                 0x0003f8    0x2  Data  Gb  test.o [1]
digits                  0x00e85f   0x25  Data  Lc  xstoul.o [4]
div                     0x00e5f3   0x30  Code  Gb  div.o [4]
dmul                    0x00e766   0x2c  Code  Lc  xdtento.o [4]
exit                    0x00f3cd    0x3  Code  Gb  exit.o [4]
intEventLowerTxCallBack
                        0x00db2c   0x2a  Code  Gb  DlkLyr.o [1]
isalpha                 0x00f153    0xc  Code  Gb  isxxx.o [4]
isdigit                 0x00f068   0x10  Code  Gb  isdigit.o [4]
isspace                 0x00f15f    0xc  Code  Gb  isxxx.o [4]
isxdigit                0x00e8f1   0x24  Code  Gb  isxdigit.o [4]
ledshow                 0x00d497   0xc5  Code  Gb  led.o [1]
list_add                0x00ecb4   0x1c  Code  Gb  list.o [1]
list_chop               0x00dc45   0x34  Code  Gb  list.o [1]
list_head               0x00f3da    0x2  Code  Gb  list.o [1]
list_init               0x00f390    0x4  Code  Gb  list.o [1]
list_remove             0x00dc79   0x39  Code  Gb  list.o [1]
list_tail               0x00eeec   0x17  Code  Gb  list.o [1]
localeconv              0x00f13a    0xd  Code  Gb  localeconv.o [4]
main                    0x00d6dd   0x9f  Code  Gb  main.o [1]
memchr                  0x00f3d3    0x3  Code  Gb  xstoxflt.o [4]
memcpy                  0x00ebff   0x1f  Code  Gb  memcpy.o [4]
ndigs                   0x00e884   0x25  Data  Lc  xstoul.o [4]
pad                     0x00e45c   0x37  Code  Lc  xprintffull_nomb.o [4]
pows                    0x00ee45   0x18  Data  Lc  xdtento.o [4]
ranmatch                0x00ddde   0x5b  Code  Lc  xscanffull_nomb.o [4]
reConfigFlag            0x000408    0x1  Data  Gb  Configure.o [1]
read_eeprom             0x00ce69   0x8d  Code  Gb  Configure.o [1]
scale                   0x00e170   0x43  Code  Lc  xprintffull_nomb.o [4]
serialTxQueue           0x000126   0xce  Data  Gb  Uart.o [1]
sprintf                 0x00e371   0x3d  Code  Gb  sprintf.o [4]
sscanf                  0x00ec5b   0x1e  Code  Gb  sscanf.o [4]
strlen                  0x00f12d    0xd  Code  Gb  strlen.o [4]
sysdata                 0x000328   0x58  Data  Gb  sysdata.o [1]
timerC_init             0x00e73a   0x25  Code  Gb  clock.o [1]
tolower                 0x00f046   0x12  Code  Gb  tolower.o [4]
transmit_packet_task    0x0093df   0x63  Code  Gb  Radio.o [1]
u8Dlk_TxStatus          0x00040b    0x1  Data  Gb  DlkLyr.o [1]
u8GetFromSerialTXQueue  0x00dd83   0x5b  Code  Lc  Uart.o [1]
ubRFState               0x000410    0x1  Data  Gb  Radio.o [1]
ubReceiveFlag           0x000413    0x1  Data  Gb  Radio.o [1]
write_eeprom            0x00cddf   0x8a  Code  Gb  Configure.o [1]


[1] = D:\MK\Debug\Obj
[2] = command line
[3] = dbgstm8smd.a
[4] = dlstm8smf.a

  28 531 bytes of readonly  code memory
   1 147 bytes of readonly  data memory
   1 303 bytes of readwrite data memory (+ 6 absolute)

Errors: none
Warnings: none
